﻿[36mvite v5.4.21 [32mbuilding for production...[36m[39m
transforming...
[32mÔ£ô[39m 4 modules transformed.
node.exe : 
[31mx[39m Build 
failed in 102ms
At line:1 char:1
+ & "C:\Program Files\
nodejs/node.exe" 
"C:\Program 
Files\nodejs/node_mo 
...
+ ~~~~~~~~~~~~~~~~~~~~
~~~~~~~~~~~~~~~~~~~~~~
~~~~~~~~~~~~~~~~~~~~~~
~~~~~
    + CategoryInfo    
          : NotSpeci  
  fied: ([31mx[39   
 m Build failed in    
 102ms:String) []    
, RemoteException
    + FullyQualifiedE 
   rrorId : NativeCo  
  mmandError
 
[31merror during 
build:
[31m[vite:esbuild] 
Transform failed with 
1 error:
D:/SmartCRM/frontend/s
rc/App.jsx:50:83: 
ERROR: Expected ">" 
but found "}"[31m
file: [36mD:/SmartCRM
/frontend/src/App.jsx:
50:83[31m
[33m
[33mExpected ">" but 
found "}"[33m
48 |                  
<Route path="pos" elem
ent={<ProtectedRoute 
roles={['admin', 'stor
e']}><POSTerminal 
/></ProtectedRoute>} 
/>
49 |                  
<Route 
path="inventory" eleme
nt={<ProtectedRoute 
roles={['admin', 'stor
e']}><InventoryList 
/></ProtectedRoute>} 
/>
50 |                  
<Route 
path="production" elem
ent={<ProtectedRoute r
oles={['admin']}}><Pro
ductionList 
/></ProtectedRoute>} 
/>
   |                  
                      
                      
                      
 ^
51 |                  
<Route 
path="prescriptions" e
lement={<ProtectedRout
e roles={['admin', 'do
ctor']}><Prescriptions
List 
/></ProtectedRoute>} 
/>
52 |                  
<Route path="reports" 
element={<ProtectedRou
te roles={['admin']}><
Reports 
/></ProtectedRoute>} 
/>
[31m
    at 
failureErrorWithLog (D
:\SmartCRM\frontend\no
de_modules\esbuild\lib
\main.js:1472:15)
    at D:\SmartCRM\fro
ntend\node_modules\esb
uild\lib\main.js:755:5
0
    at responseCallbac
ks.<computed> (D:\Smar
tCRM\frontend\node_mod
ules\esbuild\lib\main.
js:622:9)
    at 
handleIncomingPacket (
D:\SmartCRM\frontend\n
ode_modules\esbuild\li
b\main.js:677:12)
    at 
Socket.readFromStdout 
(D:\SmartCRM\frontend\
node_modules\esbuild\l
ib\main.js:600:7)
    at Socket.emit 
(node:events:508:28)
    at addChunk (node:
internal/streams/reada
ble:559:12)
    at readableAddChun
kPushByteMode (node:in
ternal/streams/readabl
e:510:3)
    at Readable.push (
node:internal/streams/
readable:390:5)
    at 
Pipe.onStreamRead (nod
e:internal/stream_base
_commons:189:23)[39m
