Ô£à Firebase Admin initialized successfully
node : ÔØî Failed to 
connect to Firestore: 
7 PERMISSION_DENIED: 
Cloud Firestore API 
has not been used in 
project 
smartcrm-d8cb3 before 
or it is disabled. 
Enable it by visiting 
https://console.develo
pers.google.com/apis/a
pi/firestore.googleapi
s.com/overview?project
=smartcrm-d8cb3 then 
retry. If you enabled 
this API recently, 
wait a few minutes 
for the action to 
propagate to our 
systems and retry.
At line:1 char:1
+ node 
test-firestore.js > 
test-output.log 2>&1
+ ~~~~~~~~~~~~~~~~~~~~
~~~~~~~~~~~~~~~~~~~~~~
~~~
    + CategoryInfo    
          : NotSpeci  
  fied: (ÔØî Failed   
  to c...tems and     
retry.:String) []    
, RemoteException
    + FullyQualifiedE 
   rrorId : NativeCo  
  mmandError
 
